node : Function 
error: 
FunctionsHttpError: 
Edge Function 
returned a non-2xx 
status code
At line:1 char:1
+ node 
test-functions.js > 
test_output.txt 2>&1
+ ~~~~~~~~~~~~~~~~~~~
~~~~~~~~~~~~~~~~~~~~~
~~~~~
    + CategoryInfo   
           : NotSpe  
  cified: (Functio   
 n error:...2xx s    
tatus code:Strin    
g) [], RemoteExc    
eption
    + FullyQualified 
   ErrorId : Native  
  CommandError
 
    at FunctionsClien
t.<anonymous> (E:\bac
kend\backend\skill-sc
out-ai\node_modules\@
supabase\functions-js
\dist\main\FunctionsC
lient.js:140:27)
    at 
Generator.next 
(<anonymous>)
    at fulfilled (E:\
backend\backend\skill
-scout-ai\node_module
s\tslib\tslib.js:167:
62)
    at process.proces
sTicksAndRejections (
node:internal/process
/task_queues:105:5) {
  context: Response {
    status: 503,
    statusText: 
'Service Temporarily 
Unavailable',
    headers: Headers 
{
      date: 'Thu, 05 
Feb 2026 04:23:04 
GMT',
      
'content-type': 
'application/json; 
charset=utf-8',
      connection: 
'keep-alive',
      
'content-length': 
'36',
      'access-control
-allow-origin': '*',
      'x-kong-respons
e-latency': '4',
      server: 
'kong/2.8.1'
    },
    body: 
ReadableStream { 
locked: false, 
state: 'readable', 
supportsBYOB: true },
    bodyUsed: false,
    ok: false,
    redirected: 
false,
    type: 'basic',
    url: 'http://127.
0.0.1:54321/functions
/v1/compare-jd'
  }
}
